// Jest Snapshot v1, https://goo.gl/fbAQLP

exports[`@mqs/react-server-components components <FormControl /> renders 1`] = `
<DocumentFragment>
  <div
    class="form-control test"
    data-testid="FormControl"
  >
    <input
      class="input input-md"
      placeholder="Type here"
    />
  </div>
</DocumentFragment>
`;

exports[`Storyshots @mqs/react-server-components/components/FormControl Form Control Example 1`] = `
<div
  className="form-control"
>
  <label
    className="label"
  >
    Text Input:
  </label>
  <input
    className="input input-bordered input-md"
    placeholder="type here..."
    type="text"
  />
  <label
    className="label"
  >
    <span
      className="label-text-alt"
    >
      input description goes here
    </span>
  </label>
</div>
`;
