// Jest Snapshot v1, https://goo.gl/fbAQLP

exports[`@mqs/ui components <Typography /> renders 1`] = `
<DocumentFragment>
  <p
    class="MuiTypography-root MuiTypography-body1 css-ahj2mt-MuiTypography-root"
    data-testid="Typography"
  >
    children...
  </p>
</DocumentFragment>
`;
