// Jest Snapshot v1, https://goo.gl/fbAQLP

exports[`@mqs/react-client-components components <Container /> renders 1`] = `
<DocumentFragment>
  <div
    class="MuiContainer-root MuiContainer-maxWidthLg css-1oqqzyl-MuiContainer-root"
    data-testid="Container"
  >
    children...
  </div>
</DocumentFragment>
`;
