// Jest Snapshot v1, https://goo.gl/fbAQLP

exports[`@mqs/react-server-components components <IconClose /> renders 1`] = `
<DocumentFragment>
  <svg
    class="stroke-current test"
    data-testid="IconClose"
    fill="none"
    stroke="currentColor"
    viewBox="0 0 24 24"
    xmlns="http://www.w3.org/2000/svg"
  >
    <path
      d="M6 18L18 6M6 6l12 12"
      stroke-linecap="round"
      stroke-linejoin="round"
      stroke-width="2"
    />
  </svg>
</DocumentFragment>
`;
