// Jest Snapshot v1, https://goo.gl/fbAQLP

exports[`@mqs/react-server-components components <AlertDismissible /> renders 1`] = `
<DocumentFragment>
  <div
    class="alert alert-info test"
    data-testid="AlertDismissible"
  >
    <div>
      children...
    </div>
    <button
      class="btn btn-circle btn-sm"
      type="button"
    >
      <svg
        class="stroke-current h-6 w-6"
        fill="none"
        stroke="currentColor"
        viewBox="0 0 24 24"
        xmlns="http://www.w3.org/2000/svg"
      >
        <path
          d="M6 18L18 6M6 6l12 12"
          stroke-linecap="round"
          stroke-linejoin="round"
          stroke-width="2"
        />
      </svg>
    </button>
  </div>
</DocumentFragment>
`;
