// Jest Snapshot v1, https://goo.gl/fbAQLP

exports[`@mqs/react-server-components components Icon <IconInfo /> renders 1`] = `
<DocumentFragment>
  <svg
    class="fill-none stroke-current stroke-1 test"
    data-testid="IconInfo"
    fill="currentColor"
    stroke="currentColor"
    viewBox="0 0 24 24"
    xmlns="http://www.w3.org/2000/svg"
  >
    <path
      d="M13 16h-1v-4h-1m1-4h.01M21 12a9 9 0 11-18 0 9 9 0 0118 0z"
      stroke-linecap="round"
      stroke-linejoin="round"
      stroke-width="2"
    />
  </svg>
</DocumentFragment>
`;
