// Jest Snapshot v1, https://goo.gl/fbAQLP

exports[`@mqs/react-server-components components <InputRange /> renders 1`] = `
<DocumentFragment>
  <input
    class="range test"
    data-testid="InputRange"
    max="100"
    min="0"
    type="range"
  />
</DocumentFragment>
`;
