// Jest Snapshot v1, https://goo.gl/fbAQLP

exports[`@mqs/react-client-components components <TextField /> renders 1`] = `
<DocumentFragment>
  <div
    class="MuiFormControl-root MuiTextField-root css-1u3bzj6-MuiFormControl-root-MuiTextField-root"
    data-testid="TextField"
  >
    <label
      class="MuiFormLabel-root MuiInputLabel-root MuiInputLabel-formControl MuiInputLabel-animated MuiInputLabel-shrink MuiInputLabel-outlined MuiFormLabel-colorPrimary MuiFormLabel-filled MuiInputLabel-root MuiInputLabel-formControl MuiInputLabel-animated MuiInputLabel-shrink MuiInputLabel-outlined css-1jy569b-MuiFormLabel-root-MuiInputLabel-root"
      data-shrink="true"
      for=":r0:"
      id=":r0:-label"
    >
      Text Field
    </label>
    <div
      class="MuiInputBase-root MuiOutlinedInput-root MuiInputBase-colorPrimary MuiInputBase-formControl css-9ddj71-MuiInputBase-root-MuiOutlinedInput-root"
    >
      <input
        aria-invalid="false"
        class="MuiInputBase-input MuiOutlinedInput-input css-1t8l2tu-MuiInputBase-input-MuiOutlinedInput-input"
        id=":r0:"
        type="text"
        value="value"
      />
      <fieldset
        aria-hidden="true"
        class="MuiOutlinedInput-notchedOutline css-1d3z3hw-MuiOutlinedInput-notchedOutline"
      >
        <legend
          class="css-14lo706"
        >
          <span>
            Text Field
          </span>
        </legend>
      </fieldset>
    </div>
  </div>
</DocumentFragment>
`;
