// Jest Snapshot v1, https://goo.gl/fbAQLP

exports[`Storyshots @mqs/react-server-components/components/Icon Icon Example 1`] = `
[
  <span
    className=""
    data-testid="Typography"
  >
    IconClose
  </span>,
  <svg
    className="fill-none stroke-current stroke-1 h-6 w-6"
    data-testid="IconClose"
    fill="currentColor"
    stroke="currentColor"
    viewBox="0 0 24 24"
    xmlns="http://www.w3.org/2000/svg"
  >
    <path
      d="M6 18L18 6M6 6l12 12"
      strokeLinecap="round"
      strokeLinejoin="round"
      strokeWidth="2"
    />
  </svg>,
  <br />,
  <span
    className=""
    data-testid="Typography"
  >
    IconEye
  </span>,
  <svg
    className="fill-current stroke-current stroke-1 h-6 w-6"
    data-testid="IconEye"
    fill="currentColor"
    stroke="currentColor"
    viewBox="0 0 48 48"
    xmlns="http://www.w3.org/2000/svg"
  >
    <path
      d="M24 9C14 9 5.46 15.22 2 24c3.46 8.78 12 15 22 15 10.01 0 18.54-6.22 22-15-3.46-8.78-11.99-15-22-15zm0 25c-5.52 0-10-4.48-10-10s4.48-10 10-10 10 4.48 10 10-4.48 10-10 10zm0-16c-3.31 0-6 2.69-6 6s2.69 6 6 6 6-2.69 6-6-2.69-6-6-6z"
    />
  </svg>,
  <br />,
  <span
    className=""
    data-testid="Typography"
  >
    IconInfo
  </span>,
  <svg
    className="fill-none stroke-current stroke-1 h-6 w-6"
    data-testid="IconInfo"
    fill="currentColor"
    stroke="currentColor"
    viewBox="0 0 24 24"
    xmlns="http://www.w3.org/2000/svg"
  >
    <path
      d="M13 16h-1v-4h-1m1-4h.01M21 12a9 9 0 11-18 0 9 9 0 0118 0z"
      strokeLinecap="round"
      strokeLinejoin="round"
      strokeWidth="2"
    />
  </svg>,
  <br />,
]
`;
