// Jest Snapshot v1, https://goo.gl/fbAQLP

exports[`@mqs/react-client-components components <Stack /> renders 1`] = `
<DocumentFragment>
  <div
    class="MuiStack-root css-nen11g-MuiStack-root"
    data-testid="Stack"
  >
    <div>
      one
    </div>
    <div>
      two
    </div>
  </div>
</DocumentFragment>
`;
